Calculating task graph as configuration cache cannot be reused because file 'gradle\libs.versions.toml' has changed.

> Configure project :shared
w: Native task 'iosSimulatorArm64Test' is disabled
Task 'iosSimulatorArm64Test' for target 'ios_simulator_arm64' cannot run on the current host (windows-x86_64).
Reason: simulator tests require macOS
Solution: To suppress this warning, add 'kotlin.native.ignoreDisabledTargets=true' to gradle.properties.


> Task :desktopApp:checkKotlinGradlePluginConfigurationErrors SKIPPED
> Task :desktopApp:generateComposeResClass SKIPPED
> Task :shared:kmpPartiallyResolvedDependenciesChecker
> Task :shared:generateSupabaseConfig UP-TO-DATE
> Task :shared:generateComposeResClass UP-TO-DATE
> Task :desktopApp:convertXmlValueResourcesForMain NO-SOURCE
> Task :shared:generateExpectResourceCollectorsForCommonMain UP-TO-DATE
> Task :shared:convertXmlValueResourcesForJvmMain NO-SOURCE
> Task :shared:checkJvmMainComposeLibrariesCompatibility
> Task :shared:generateCommonMainOrionVaultDatabaseInterface UP-TO-DATE
> Task :shared:checkKotlinGradlePluginConfigurationErrors SKIPPED
> Task :shared:copyNonXmlValueResourcesForJvmMain NO-SOURCE
> Task :desktopApp:copyNonXmlValueResourcesForMain NO-SOURCE
> Task :shared:copyNonXmlValueResourcesForCommonMain UP-TO-DATE
> Task :shared:prepareComposeResourcesTaskForJvmMain NO-SOURCE
> Task :desktopApp:prepareComposeResourcesTaskForMain NO-SOURCE
> Task :shared:convertXmlValueResourcesForCommonMain NO-SOURCE
> Task :desktopApp:generateResourceAccessorsForMain SKIPPED
> Task :desktopApp:generateActualResourceCollectorsForMain SKIPPED
> Task :shared:generateResourceAccessorsForJvmMain NO-SOURCE
> Task :desktopApp:assembleMainResources UP-TO-DATE
> Task :desktopApp:processResources UP-TO-DATE
> Task :shared:prepareComposeResourcesTaskForCommonMain UP-TO-DATE
> Task :shared:assembleJvmMainResources UP-TO-DATE
> Task :shared:generateResourceAccessorsForCommonMain UP-TO-DATE
> Task :shared:generateActualResourceCollectorsForJvmMain UP-TO-DATE
> Task :shared:jvmProcessResources UP-TO-DATE
> Task :shared:processJvmMainResources SKIPPED
> Task :desktopApp:prepareAppResources NO-SOURCE
> Task :shared:compileKotlinJvm UP-TO-DATE
> Task :shared:compileJvmMainJava NO-SOURCE
> Task :shared:jvmMainClasses UP-TO-DATE
> Task :shared:jvmJar
> Task :desktopApp:compileKotlin UP-TO-DATE
> Task :desktopApp:compileJava NO-SOURCE
> Task :desktopApp:classes UP-TO-DATE
> Task :desktopApp:jar

> Task :desktopApp:run

[Incubating] Problems report is available at: file:///C:/Users/Usuario/Projetos/OrionVault/build/reports/problems/problems-report.html

BUILD SUCCESSFUL in 30s
19 actionable tasks: 5 executed, 14 up-to-date
Configuration cache entry stored.
